[2025-01-26 13:35:36] cd: no such file or directory: qjwnrsol
